
 江苏如是华科智慧水务水文模型管理系统 1.0 
  --------------------------------------------------------------

  
  *********************************************************
  注记: 本汇总统计报告仅基于在模型每一计算时间阶段的结果，
  而不是真实的报告时间的结果！
  *********************************************************
  
  ****************
  分析选项
  ****************
  流量单位 .....................LPS
  过程模型:
    降雨/径流 .......................... 是
    RDII ................................否
    融雪 ................................否
    地下水 ............................ 否
    汇流 ................................是
    允许积水 .......................... 否
    水质 ............................... 否
    下渗模型 ........................... CURVE_NUMBER
     汇流模型 .......................... DYNWAVE
     漫流模型 .......................... EXTRAN
  开始日期 ................ 10/28/2011 00:00:00
  结束日期 ................ 10/28/2011 06:00:00
  前期干旱天数 ............ 0.0
  报告时间步长 ............ 00:01:00
  雨季时间步长 ............ 00:01:00
  旱季时间步长 ............ 00:01:00
  汇流时间步长 ............ 30.00 sec
  变量时间步长 ............. 是
  最大试验 ................ 8
  线程数 .................. 1
  头宽容 .................. 0.001524 米(m)
  
  
  **************************        Volume          Depth
  径流量连续性                     hectare-m          mm
  **************************     ------------       -------
  Total Precipitation ......        13.095        48.180
  Evaporation Loss .........         0.000         0.000
  Infiltration Loss ........         4.624        17.013
  Surface Runoff ...........         8.283        30.474
  Final Storage ............         0.190         0.699
  Continuity Error (%) .....        -0.012
  
  
  **************************        Volume        Volume
  汇流连续性                       hectare-m      10^6 ltr
  **************************     ---------     ---------
  旱季来水 ...............         0.000         0.000
  雨季来水 ...............         8.281        82.812
  地下渗水 ...............         0.000         0.000
  RDII 来水 ..............         0.000         0.000
  外部来水 ...............         0.000         0.000
  向外出水 ...............         4.548        45.480
  洪水损失 ...............         3.720        37.197
  蒸发损失 ...............         0.000         0.000
  超渗损失 ...............         0.000         0.000
  初始蓄水量 .............         0.000         0.000
  最终蓄水量 .............         0.015         0.153
  连续性误差 (%) ........        -0.022
  
  
  ***************************
  时间步关键单元
  ***************************
  Link T5 (99.11%)
  
  
  ********************************
  最大流不稳定性指标
  ********************************
 所有管渠都是稳定的.
  
  
  *************************
  汇流时间步汇总
  *************************
  Minimum Time Step           :     1.73 sec
  Average Time Step           :     4.91 sec
  Maximum Time Step           :    30.00 sec
  Percent in Steady State     :     0.00
  Average Iterations per Step :     2.40
  Percent Not Converging      :     2.05
  
  
  ***************************
  Subcatchment Runoff Summary
  ***************************
  
  ------------------------------------------------------------------------------------------------------------------------------
                            Total      Total      Total      Total     Imperv       Perv      Total       Total     Peak  Runoff
                           Precip      Runon       Evap      Infil     Runoff     Runoff     Runoff      Runoff   Runoff   Coeff
  Subcatchment                 mm         mm         mm         mm         mm         mm         mm    10^6 ltr      LPS
  ------------------------------------------------------------------------------------------------------------------------------
  A1                        48.18       0.00       0.00      13.87      14.08      19.72      33.80       11.42  4277.90   0.701
  A2                        48.18       0.00       0.00      12.73      19.61      15.06      34.67       33.60 11933.17   0.720
  A3                        48.18       0.00       0.00      13.75      15.48      18.29      33.78       17.12  6140.49   0.701
  A4                        48.18       0.00       0.00      14.58      12.12      20.96      33.08        9.92  3578.10   0.687
  A5                        48.18       0.00       0.00      17.57       4.82      25.17      29.99        7.65  2208.10   0.622
  E1                        48.18       0.00       0.00      38.39       0.00       8.91       8.91        3.11   603.40   0.185
  
  
  ******************
  Node Depth Summary
  ******************
  
  ---------------------------------------------------------------------------------
                                 Average  Maximum  Maximum  Time of Max    Reported
                                   Depth    Depth      HGL   Occurrence   Max Depth
  Node                 Type       Meters   Meters   Meters  days hr:min      Meters
  ---------------------------------------------------------------------------------
  J1                   JUNCTION     0.79     0.80     0.80     0  00:15        0.80
  J10                  JUNCTION     0.55     2.00    34.42     0  01:01        2.00
  J11                  JUNCTION     0.47     1.73    28.89     0  01:01        1.38
  J2                   JUNCTION     0.00     0.00    45.63     0  00:00        0.00
  J3                   JUNCTION     0.69     1.80    38.24     0  00:59        1.80
  J4                   JUNCTION     1.11     1.80    54.65     0  00:38        1.80
  J5                   JUNCTION     1.05     1.80    49.18     0  00:41        1.80
  J6                   JUNCTION     1.00     1.80    43.71     0  00:41        1.80
  J7                   JUNCTION     0.54     0.86    30.45     0  01:38        0.86
  J8                   JUNCTION     0.11     0.20    23.66     0  01:29        0.20
  J9                   JUNCTION     0.25     0.60    38.29     0  01:06        0.59
  J12                  OUTFALL      0.11     0.20    15.85     0  01:29        0.20
  
  
  *******************
  Node Inflow Summary
  *******************
  
  -------------------------------------------------------------------------------------------------
                                  Maximum  Maximum                  Lateral       Total        Flow
                                  Lateral    Total  Time of Max      Inflow      Inflow     Balance
                                   Inflow   Inflow   Occurrence      Volume      Volume       Error
  Node                 Type           LPS      LPS  days hr:min    10^6 ltr    10^6 ltr     Percent
  -------------------------------------------------------------------------------------------------
  J1                   JUNCTION   4277.90  4277.90     0  01:03        11.4        11.4       0.540
  J10                  JUNCTION   3578.10  5760.12     0  01:06        9.92        17.6       0.010
  J11                  JUNCTION      0.00  3676.25     0  01:01           0        15.8       0.005
  J2                   JUNCTION      0.00     0.00     0  00:00           0           0       0.000 ltr
  J3                   JUNCTION   6140.49  7325.34     0  01:06        17.1        30.3       0.029
  J4                   JUNCTION  11933.17 11933.17     0  01:06        33.6        33.6       0.018
  J5                   JUNCTION      0.00  1353.59     0  00:40           0        13.2       0.053
  J6                   JUNCTION      0.00  1274.51     0  00:40           0        13.2       0.062
  J7                   JUNCTION      0.00  3500.99     0  00:58           0        26.6       0.146
  J8                   JUNCTION    603.40  7623.21     0  01:29        3.11        45.5       0.003
  J9                   JUNCTION   2208.10  2208.10     0  01:06        7.65        7.65       0.010
  J12                  OUTFALL       0.00  7629.24     0  01:29           0        45.5       0.000
  
  
  **********************
  Node Surcharge Summary
  **********************
  
  Surcharging occurs when water rises above the top of the highest conduit.
  ---------------------------------------------------------------------
                                               Max. Height   Min. Depth
                                   Hours       Above Crown    Below Rim
  Node                 Type      Surcharged         Meters       Meters
  ---------------------------------------------------------------------
  J1                   JUNCTION        5.75          0.000        0.000
  J10                  JUNCTION        0.47          1.000        0.000
  J11                  JUNCTION        0.45          0.734        0.266
  J3                   JUNCTION        0.81          1.000        0.000
  J4                   JUNCTION        1.93          1.000        0.000
  J5                   JUNCTION        1.92          1.000        0.000
  J6                   JUNCTION        2.00          1.000        0.000
  
  
  *********************
  Node Flooding Summary
  *********************
  
  Flooding refers to all water that overflows a node, whether it ponds or not.
  --------------------------------------------------------------------------
                                                             Total   Maximum
                                 Maximum   Time of Max       Flood    Ponded
                        Hours       Rate    Occurrence      Volume     Depth
  Node                 Flooded       LPS   days hr:min    10^6 ltr    Meters
  --------------------------------------------------------------------------
  J1                      5.75   4275.53      0  01:03      11.360     0.000
  J10                     0.43   2258.15      0  01:06       1.775     0.000
  J3                      0.66   3843.23      0  01:06       3.643     0.000
  J4                      1.88  10741.35      0  01:06      20.420     0.000
  J5                      0.02    120.59      0  00:41       0.001     0.000
  J6                      0.02     74.47      0  00:59       0.001     0.000
  
  
  ***********************
  Outfall Loading Summary
  ***********************
  
  -----------------------------------------------------------
                         Flow       Avg       Max       Total
                         Freq      Flow      Flow      Volume
  Outfall Node           Pcnt       LPS       LPS    10^6 ltr
  -----------------------------------------------------------
  J12                   99.66   3385.57   7629.24      45.479
  -----------------------------------------------------------
  System                99.66   3385.57   7629.24      45.479
  
  
  ********************
  Link Flow Summary
  ********************
  
  -----------------------------------------------------------------------------
                                 Maximum  Time of Max   Maximum    Max/    Max/
                                  |Flow|   Occurrence   |Veloc|    Full    Full
  Link                 Type          LPS  days hr:min     m/sec    Flow   Depth
  -----------------------------------------------------------------------------
  T4-1                 CONDUIT   2199.04     0  01:06      3.27    0.66    0.80
  T4-2                 CONDUIT   3676.25     0  01:01      4.73    1.11    1.00
  T4-3                 CONDUIT   3544.18     0  01:29      8.00    0.91    0.60
  T1-1                 CONDUIT      0.00     0  00:00      0.00    0.00    0.50
  T1-2                 CONDUIT      0.00     0  00:00      0.00    0.00    0.50
  T2-1                 CONDUIT   1353.59     0  00:40      3.33    1.14    1.00
  T2-2                 CONDUIT   1274.51     0  00:40      2.65    1.08    1.00
  T2-3                 CONDUIT   1258.98     0  00:58      3.13    1.06    1.00
  T3-1                 CONDUIT   3500.99     0  00:58      2.36    1.07    1.00
  T3-2                 CONDUIT   3482.44     0  01:29      4.27    0.83    0.53
  T5                   CONDUIT   7629.24     0  01:29     12.78    0.02    0.07
  
  
  ***************************
  Flow Classification Summary
  ***************************
  
  -------------------------------------------------------------------------------------
                      Adjusted    ---------- Fraction of Time in Flow Class ---------- 
                       /Actual         Up    Down  Sub   Sup   Up    Down  Norm  Inlet 
  Conduit               Length    Dry  Dry   Dry   Crit  Crit  Crit  Crit  Ltd   Ctrl  
  -------------------------------------------------------------------------------------
  T4-1                    1.00   0.00  0.00  0.00  0.04  0.95  0.00  0.00  0.98  0.00
  T4-2                    1.00   0.00  0.00  0.00  0.15  0.85  0.00  0.00  0.88  0.00
  T4-3                    1.00   0.00  0.00  0.00  0.00  1.00  0.00  0.00  0.00  0.00
  T1-1                    1.00   0.00  1.00  0.00  0.00  0.00  0.00  0.00  0.00  0.00
  T1-2                    1.00   0.00  1.00  0.00  0.00  0.00  0.00  0.00  0.00  0.00
  T2-1                    1.00   0.00  0.00  0.00  0.56  0.43  0.00  0.00  0.57  0.00
  T2-2                    1.00   0.00  0.00  0.00  0.58  0.42  0.00  0.00  0.57  0.00
  T2-3                    1.00   0.00  0.00  0.00  0.39  0.61  0.00  0.00  0.03  0.00
  T3-1                    1.00   0.00  0.00  0.00  0.94  0.06  0.00  0.00  0.79  0.00
  T3-2                    1.00   0.00  0.00  0.00  0.00  0.99  0.00  0.00  0.00  0.00
  T5                      1.00   0.00  0.00  0.00  0.00  1.00  0.00  0.00  0.00  0.00
  
  
  *************************
  Conduit Surcharge Summary
  *************************
  
  ----------------------------------------------------------------------------
                                                           Hours        Hours 
                         --------- Hours Full --------   Above Full   Capacity
  Conduit                Both Ends  Upstream  Dnstream   Normal Flow   Limited
  ----------------------------------------------------------------------------
  T4-1                        0.01      0.01      0.47      0.01         0.01
  T4-2                        0.45      0.47      0.45      0.50         0.45
  T4-3                        0.01      0.45      0.01      0.01         0.01
  T2-1                        1.88      1.93      1.92      1.27         1.17
  T2-2                        1.92      1.92      2.00      1.24         1.17
  T2-3                        0.81      2.00      0.81      1.17         0.14
  T3-1                        0.81      0.81      0.92      0.90         0.80
  
  分析开始于:  Mon May  4 17:17:43 2020
  分析终止于:  Mon May  4 17:17:43 2020
  总运行时间: < 1 sec